Script starting: Loading MedImages...
MedImages loaded. Loading other dependencies...
Generating target images (8x8x8)...
Starting image reconstruction training (8x8x8)...
Iter 1 starting...
  Forward pass...
  Loss: 97.13722
  Backward pass...
Iter 1 finished. Loss: 97.13722
Iter 2 starting...
  Forward pass...
  Loss: 156.03867
  Backward pass...
Iter 2 finished. Loss: 156.03867
Iter 3 starting...
  Forward pass...
  Loss: 152.8157
  Backward pass...
Iter 3 finished. Loss: 152.8157
Iter 4 starting...
  Forward pass...
  Loss: 141.37012
  Backward pass...
Iter 4 finished. Loss: 141.37012
Iter 5 starting...
  Forward pass...
  Loss: 133.62143
  Backward pass...
Iter 5 finished. Loss: 133.62143
Iter 6 starting...
  Forward pass...
  Loss: 128.50153
  Backward pass...
Iter 6 finished. Loss: 128.50153
Iter 7 starting...
  Forward pass...
  Loss: 122.40053
  Backward pass...
Iter 7 finished. Loss: 122.40053
Iter 8 starting...
  Forward pass...
  Loss: 120.888214
  Backward pass...
Iter 8 finished. Loss: 120.888214
Iter 9 starting...
  Forward pass...
  Loss: 122.0087
  Backward pass...
Iter 9 finished. Loss: 122.0087
Iter 10 starting...
  Forward pass...
  Loss: 122.5231
  Backward pass...
Iter 10 finished. Loss: 122.5231
